[www.bautech.com.mx/index.html]
[backblue.gif]
[fade.gif]
[index.html]
[www.bautech.com.mx/assets/images/favicon.png]
[www.bautech.com.mx/assets/images/favicon.ico]
[www.bautech.com.mx/assets/images/warap.png]
[www.bautech.com.mx/assets/images/logo.png]
[www.bautech.com.mx/productos.html]
[www.bautech.com.mx/aditivos-concreto.html]
[www.bautech.com.mx/impermeabilizantes-cementosos-fibras.html]
[www.bautech.com.mx/membranas-desmoldantes.html]
[www.bautech.com.mx/estabilizadores.html]
[www.bautech.com.mx/endurecedores.html]
[www.bautech.com.mx/impermeabilizantes-asfalticos.html]
[www.bautech.com.mx/impermeabilizantes-acrilicos.html]
[www.bautech.com.mx/impermeabilizantes-prefabricados.html]
[www.bautech.com.mx/membranas-refuerzo.html]
[www.bautech.com.mx/membrana-drenante-danodren.html]
[www.bautech.com.mx/aislamiento-acustico.html]
[www.bautech.com.mx/epoxicos.html]
[www.bautech.com.mx/hidrofugantes-repelentes.html]
[www.bautech.com.mx/selladores-silicones-poliuretanos.html]
[www.bautech.com.mx/pvc-waterstops.html]
[www.bautech.com.mx/accesorios-cimbra.html]
[www.bautech.com.mx/varios.html]
[www.bautech.com.mx/certificaciones.html]
[www.bautech.com.mx/contacto.html]
[www.bautech.com.mx/nosotros.html]
[www.bautech.com.mx/assets/images/bg-menu.jpg]
[www.bautech.com.mx/assets/images/slide1.jpg]
[www.bautech.com.mx/assets/images/slide2.jpg]
[www.bautech.com.mx/assets/images/slide3.jpg]
[www.bautech.com.mx/assets/images/slide4.jpg]
[www.bautech.com.mx/assets/images/slide5.jpg]
[www.bautech.com.mx/assets/js/swipe.js]
[www.bautech.com.mx/assets/images/impermeabDes.jpg]
[www.bautech.com.mx/assets/images/aditDes.jpg]
[www.bautech.com.mx/assets/images/fibrametalicaDes.jpg]
[www.bautech.com.mx/assets/images/membranasDes.jpg]
[www.bautech.com.mx/assets/images/avisoprivacidad.pdf]
[www.bautech.com.mx/assets/js/combined.js]
[www.bautech.com.mx/index.html]
[www.bautech.com.mx/assets/fonts/fontawesome-webfont3e6e.eot]
[www.bautech.com.mx/assets/fonts/fontawesome-webfontd41d.eot]
[www.bautech.com.mx/assets/fonts/fontawesome-webfont3e6e.woff2]
[www.bautech.com.mx/assets/fonts/fontawesome-webfont3e6e.woff]
[www.bautech.com.mx/assets/fonts/fontawesome-webfont3e6e.ttf]
[www.bautech.com.mx/assets/fonts/Pe-icon-7-strokebb1d.eot]
[www.bautech.com.mx/assets/fonts/Pe-icon-7-stroked41d.eot]
[www.bautech.com.mx/assets/fonts/Pe-icon-7-strokebb1d.woff]
[www.bautech.com.mx/assets/fonts/Pe-icon-7-strokebb1d.ttf]
[www.bautech.com.mx/assets/css/combined.css]
[www.bautech.com.mx/assets/css/swipe.css]
[www.bautech.com.mx/productos.html]
[www.bautech.com.mx/assets/images/productos/aditivos/aditivos-adhebau.pdf]
[www.bautech.com.mx/assets/images/productos/aditivos/aditivos-adhebau.jpg]
[www.bautech.com.mx/assets/images/productos/aditivos/aditivos-adhebau-e.pdf]
[www.bautech.com.mx/assets/images/productos/aditivos/aditivos-adhebau-e.jpg]
[www.bautech.com.mx/assets/images/productos/aditivos/aditivos-baublock.pdf]
[www.bautech.com.mx/assets/images/productos/aditivos/aditivos-baublock.jpg]
[www.bautech.com.mx/assets/images/productos/aditivos/aditivos-disperbau-al.pdf]
[www.bautech.com.mx/assets/images/productos/aditivos/aditivos-disperbau-al.jpg]
[www.bautech.com.mx/assets/images/productos/aditivos/aditivos-disperbau-nl.pdf]
[www.bautech.com.mx/assets/images/productos/aditivos/aditivos-disperbau-nl.jpg]
[www.bautech.com.mx/assets/images/productos/aditivos/aditivos-disperbau-rl.pdf]
[www.bautech.com.mx/assets/images/productos/aditivos/aditivos-disperbau-rl.jpg]
[www.bautech.com.mx/assets/images/productos/aditivos/aditivos-disperbau-1322m.pdf]
[www.bautech.com.mx/assets/images/productos/aditivos/aditivos-disperbau-1322m.jpg]
[www.bautech.com.mx/assets/images/productos/aditivos/aditivos-hyperbau-mf.pdf]
[www.bautech.com.mx/assets/images/productos/aditivos/aditivos-hyperbau-mf.jpg]
[www.bautech.com.mx/assets/images/productos/aditivos/aditivos-lanzabau-l.pdf]
[www.bautech.com.mx/assets/images/productos/aditivos/aditivos-lanzabau-l.jpg]
[www.bautech.com.mx/assets/images/productos/aditivos/aditivos-sellabau-l.pdf]
[www.bautech.com.mx/assets/images/productos/aditivos/aditivos-sellabau-l.jpg]
[www.bautech.com.mx/aditivos-concreto.html]
[www.bautech.com.mx/assets/images/productos/impermeabilizantesCementosos/impermeabilizantesFibras-fibraMetalica.pdf]
[www.bautech.com.mx/assets/images/productos/impermeabilizantesCementosos/impermeabilizantesFibras-fibraMetalica.jpg]
[www.bautech.com.mx/assets/images/productos/impermeabilizantesCementosos/impermeabilizantesFibras-bauplug.pdf]
[www.bautech.com.mx/assets/images/productos/impermeabilizantesCementosos/impermeabilizantesFibras-bauplug.jpg]
[www.bautech.com.mx/assets/images/productos/impermeabilizantesCementosos/impermeabilizantesFibras-fiberbau.pdf]
[www.bautech.com.mx/assets/images/productos/impermeabilizantesCementosos/impermeabilizantesFibras-fiberbau.jpg]
[www.bautech.com.mx/assets/images/productos/impermeabilizantesCementosos/impermeabilizantesFibras-imperbau-p.pdf]
[www.bautech.com.mx/assets/images/productos/impermeabilizantesCementosos/impermeabilizantesFibras-imperbau-p.jpg]
[www.bautech.com.mx/assets/images/productos/impermeabilizantesCementosos/impermeabilizantesFibras-impertex-ph.pdf]
[www.bautech.com.mx/assets/images/productos/impermeabilizantesCementosos/impermeabilizantesFibras-impertex-ph.jpg]
[www.bautech.com.mx/assets/images/productos/impermeabilizantesCementosos/impermeabilizantesFibras-impertex-r.pdf]
[www.bautech.com.mx/assets/images/productos/impermeabilizantesCementosos/impermeabilizantesFibras-impertex-r.jpg]
[www.bautech.com.mx/assets/images/productos/impermeabilizantesCementosos/impermeabilizantesFibras-microfiberbau.pdf]
[www.bautech.com.mx/assets/images/productos/impermeabilizantesCementosos/impermeabilizantesFibras-microfiberbau.jpg]
[www.bautech.com.mx/impermeabilizantes-cementosos-fibras.html]
[www.bautech.com.mx/assets/images/productos/membranasCurado/membranasCurado-curabau-e.pdf]
[www.bautech.com.mx/assets/images/productos/membranasCurado/membranasCurado-curabau-e.jpg]
[www.bautech.com.mx/assets/images/productos/membranasCurado/membranasCurado-curabau-ql.pdf]
[www.bautech.com.mx/assets/images/productos/membranasCurado/membranasCurado-curabau-ql.jpg]
[www.bautech.com.mx/assets/images/productos/membranasCurado/membranasCurado-curafilm.pdf]
[www.bautech.com.mx/assets/images/productos/membranasCurado/membranasCurado-curafilm.jpg]
[www.bautech.com.mx/assets/images/productos/membranasCurado/membranasCurado-moldubau-e.pdf]
[www.bautech.com.mx/assets/images/productos/membranasCurado/membranasCurado-moldubau-e.jpg]
[www.bautech.com.mx/assets/images/productos/membranasCurado/membranasCurado-moldubau-e-bb.pdf]
[www.bautech.com.mx/assets/images/productos/membranasCurado/membranasCurado-moldubau-e-bb.jpg]
[www.bautech.com.mx/assets/images/productos/membranasCurado/membranasCurado-moldubau-g.pdf]
[www.bautech.com.mx/assets/images/productos/membranasCurado/membranasCurado-moldubau-g.jpg]
[www.bautech.com.mx/assets/images/productos/membranasCurado/membranasCurado-moldubau-lks.pdf]
[www.bautech.com.mx/assets/images/productos/membranasCurado/membranasCurado-moldubau-lks.jpg]
[www.bautech.com.mx/assets/images/productos/membranasCurado/membranasCurado-moldubau-lc.pdf]
[www.bautech.com.mx/assets/images/productos/membranasCurado/membranasCurado-moldubau-lc.jpg]
[www.bautech.com.mx/assets/images/productos/membranasCurado/membranasCurado-moldubau-p.pdf]
[www.bautech.com.mx/assets/images/productos/membranasCurado/membranasCurado-moldubau-p.jpg]
[www.bautech.com.mx/membranas-desmoldantes.html]
[www.bautech.com.mx/assets/images/productos/estabilizadores/estabilizadores-expanbau-nm.pdf]
[www.bautech.com.mx/assets/images/productos/estabilizadores/estabilizadores-expanbau-nm.jpg]
[www.bautech.com.mx/assets/images/productos/estabilizadores/estabilizadores-groutech-af.pdf]
[www.bautech.com.mx/assets/images/productos/estabilizadores/estabilizadores-groutech-af.jpg]
[www.bautech.com.mx/assets/images/productos/estabilizadores/estabilizadores-groutech-ar.pdf]
[www.bautech.com.mx/assets/images/productos/estabilizadores/estabilizadores-groutech-ar.jpg]
[www.bautech.com.mx/estabilizadores.html]
[www.bautech.com.mx/assets/images/productos/endurecedores/endurecedores-endubau-s.pdf]
[www.bautech.com.mx/assets/images/productos/endurecedores/endurecedores-endubau-s.jpg]
[www.bautech.com.mx/assets/images/productos/endurecedores/endurecedores-endubau-ql.pdf]
[www.bautech.com.mx/assets/images/productos/endurecedores/endurecedores-endubau-ql.jpg]
[www.bautech.com.mx/endurecedores.html]
[www.bautech.com.mx/assets/images/productos/impermeabilizantesAsfalticos/impermeabilizantesAsfalticos-bitubau.pdf]
[www.bautech.com.mx/assets/images/productos/impermeabilizantesAsfalticos/impermeabilizantesAsfalticos-bitubau.jpg]
[www.bautech.com.mx/assets/images/productos/impermeabilizantesAsfalticos/impermeabilizantesAsfalticos-vaporbau.pdf]
[www.bautech.com.mx/assets/images/productos/impermeabilizantesAsfalticos/impermeabilizantesAsfalticos-vaporbau.jpg]
[www.bautech.com.mx/assets/images/productos/impermeabilizantesAsfalticos/impermeabilizantesAsfalticos-bitucement.pdf]
[www.bautech.com.mx/assets/images/productos/impermeabilizantesAsfalticos/impermeabilizantesAsfalticos-bitucement.jpg]
[www.bautech.com.mx/assets/images/productos/impermeabilizantesAsfalticos/impermeabilizantesAsfalticos-hidrobau.pdf]
[www.bautech.com.mx/assets/images/productos/impermeabilizantesAsfalticos/impermeabilizantesAsfalticos-hidrobau.jpg]
[www.bautech.com.mx/assets/images/productos/impermeabilizantesAsfalticos/impermeabilizantesAsfalticos-primario-bitubau.pdf]
[www.bautech.com.mx/assets/images/productos/impermeabilizantesAsfalticos/impermeabilizantesAsfalticos-primario-bitubau.jpg]
[www.bautech.com.mx/impermeabilizantes-asfalticos.html]
[www.bautech.com.mx/assets/images/productos/impermeabilizantesAcrilicos/impermeabilizantesAcrilicos-aislabau.pdf]
[www.bautech.com.mx/assets/images/productos/impermeabilizantesAcrilicos/impermeabilizantesAcrilicos-aislabau.jpg]
[www.bautech.com.mx/assets/images/productos/impermeabilizantesAcrilicos/impermeabilizantesAcrilicos-acrilbau.pdf]
[www.bautech.com.mx/assets/images/productos/impermeabilizantesAcrilicos/impermeabilizantesAcrilicos-acrilbau.jpg]
[www.bautech.com.mx/assets/images/productos/impermeabilizantesAcrilicos/impermeabilizantesAcrilicos-acrilbau3.pdf]
[www.bautech.com.mx/assets/images/productos/impermeabilizantesAcrilicos/impermeabilizantesAcrilicos-acrilbau3.jpg]
[www.bautech.com.mx/assets/images/productos/impermeabilizantesAcrilicos/impermeabilizantesAcrilicos-cemencril.pdf]
[www.bautech.com.mx/assets/images/productos/impermeabilizantesAcrilicos/impermeabilizantesAcrilicos-cemencril.jpg]
[www.bautech.com.mx/assets/images/productos/impermeabilizantesAcrilicos/impermeabilizantesAcrilicos-primarioacrilbau.pdf]
[www.bautech.com.mx/assets/images/productos/impermeabilizantesAcrilicos/impermeabilizantesAcrilicos-primarioacrilbau.jpg]
[www.bautech.com.mx/impermeabilizantes-acrilicos.html]
[www.bautech.com.mx/assets/images/productos/impermeabilizantesPrefabricados/impermeabilizantesPrefabricados-roof-sbs-fv-3-5.pdf]
[www.bautech.com.mx/assets/images/productos/impermeabilizantesPrefabricados/impermeabilizantesPrefabricados-roof-sbs-fv-3-5.jpg]
[www.bautech.com.mx/assets/images/productos/impermeabilizantesPrefabricados/impermeabilizantesPrefabricados-roof-sbs-fp-4.pdf]
[www.bautech.com.mx/assets/images/productos/impermeabilizantesPrefabricados/impermeabilizantesPrefabricados-roof-sbs-fp-4.jpg]
[www.bautech.com.mx/assets/images/productos/impermeabilizantesPrefabricados/impermeabilizantesPrefabricados-roof-sbs-fp-4-5.pdf]
[www.bautech.com.mx/assets/images/productos/impermeabilizantesPrefabricados/impermeabilizantesPrefabricados-roof-sbs-fp-4-5.jpg]
[www.bautech.com.mx/assets/images/productos/impermeabilizantesPrefabricados/impermeabilizantesPrefabricados-roof-antiraiz-app-fp-4.pdf]
[www.bautech.com.mx/assets/images/productos/impermeabilizantesPrefabricados/impermeabilizantesPrefabricados-roof-antiraiz-app-fp-4.jpg]
[www.bautech.com.mx/impermeabilizantes-prefabricados.html]
[www.bautech.com.mx/assets/images/productos/membranasRefuerzo/membranasRefuerzo-laminapolietileno.pdf]
[www.bautech.com.mx/assets/images/productos/membranasRefuerzo/membranasRefuerzo-laminapolietileno.jpg]
[www.bautech.com.mx/assets/images/productos/membranasRefuerzo/membranasRefuerzo-mallaflex.pdf]
[www.bautech.com.mx/assets/images/productos/membranasRefuerzo/membranasRefuerzo-mallaflex.jpg]
[www.bautech.com.mx/assets/images/productos/membranasRefuerzo/membranasRefuerzo-nonwoven.pdf]
[www.bautech.com.mx/membranas-refuerzo.html]
[www.bautech.com.mx/assets/images/productos/membranasRefuerzo/membranasRefuerzo-nonwoven.jpg]
[www.bautech.com.mx/assets/images/productos/membranasDrenante/membranasDrenante-danodren15.pdf]
[www.bautech.com.mx/assets/images/productos/membranasDrenante/membranasDrenante-danodren15.jpg]
[www.bautech.com.mx/assets/images/productos/membranasDrenante/membranasDrenante-danodrenh25.pdf]
[www.bautech.com.mx/assets/images/productos/membranasDrenante/membranasDrenante-danodrenh25.jpg]
[www.bautech.com.mx/assets/images/productos/membranasDrenante/membranasDrenante-danodrenh15plus.pdf]
[www.bautech.com.mx/assets/images/productos/membranasDrenante/membranasDrenante-danodrenh15plus.jpg]
[www.bautech.com.mx/assets/images/productos/membranasDrenante/membranasDrenante-danodrenh25plus.pdf]
[www.bautech.com.mx/assets/images/productos/membranasDrenante/membranasDrenante-danodrenh25plus.jpg]
[www.bautech.com.mx/assets/images/productos/membranasDrenante/membranasDrenante-danodrenjardin.pdf]
[www.bautech.com.mx/assets/images/productos/membranasDrenante/membranasDrenante-danodrenjardin.jpg]
[www.bautech.com.mx/assets/images/productos/membranasDrenante/membranasDrenante-selfdan.pdf]
[www.bautech.com.mx/assets/images/productos/membranasDrenante/membranasDrenante-selfdan.jpg]
[www.bautech.com.mx/assets/images/productos/membranasDrenante/membranasDrenante-fijacion.pdf]
[www.bautech.com.mx/assets/images/productos/membranasDrenante/membranasDrenante-fijacion.jpg]
[www.bautech.com.mx/membrana-drenante-danodren.html]
[www.bautech.com.mx/assets/images/productos/membranasDrenante/membranasDrenante-cintaPerimetral.pdf]
[www.bautech.com.mx/assets/images/productos/membranasDrenante/membranasDrenante-cintaPerimetral.jpg]
[www.bautech.com.mx/assets/images/productos/membranasDrenante/membranasDrenante-cintaSolape.pdf]
[www.bautech.com.mx/assets/images/productos/membranasDrenante/membranasDrenante-cintaSolape.jpg]
[www.bautech.com.mx/assets/images/productos/aislamientoAcustico/aislamientoacustico-fondan.pdf]
[www.bautech.com.mx/assets/images/productos/aislamientoAcustico/aislamientoacustico-fondan.jpg]
[www.bautech.com.mx/assets/images/productos/aislamientoAcustico/aislamientoacustico-impactodan5.pdf]
[www.bautech.com.mx/assets/images/productos/aislamientoAcustico/aislamientoacustico-impactodan5.jpg]
[www.bautech.com.mx/aislamiento-acustico.html]
[www.bautech.com.mx/assets/images/productos/epoxicos/epoxicos-epoxibaufast.pdf]
[www.bautech.com.mx/assets/images/productos/epoxicos/epoxicos-epoxibaufast.jpg]
[www.bautech.com.mx/assets/images/productos/epoxicos/epoxicos-pistolacalafateadora.pdf]
[www.bautech.com.mx/assets/images/productos/epoxicos/epoxicos-pistolacalafateadora.jpg]
[www.bautech.com.mx/assets/images/productos/epoxicos/epoxicos-cimbrabau.pdf]
[www.bautech.com.mx/assets/images/productos/epoxicos/epoxicos-cimbrabau.jpg]
[www.bautech.com.mx/assets/images/productos/epoxicos/epoxicos-epoxibau.pdf]
[www.bautech.com.mx/assets/images/productos/epoxicos/epoxicos-epoxibau.jpg]
[www.bautech.com.mx/assets/images/productos/epoxicos/epoxicos-epoxibaupasta.pdf]
[www.bautech.com.mx/assets/images/productos/epoxicos/epoxicos-epoxibaupasta.jpg]
[www.bautech.com.mx/assets/images/productos/epoxicos/epoxicos-rellenoepoxibau.pdf]
[www.bautech.com.mx/assets/images/productos/epoxicos/epoxicos-rellenoepoxibau.jpg]
[www.bautech.com.mx/epoxicos.html]
[www.bautech.com.mx/assets/images/productos/hidroRepelentes/hidrofugantesRepelentes-siliconA.pdf]
[www.bautech.com.mx/assets/images/productos/hidroRepelentes/hidrofugantesRepelentes-siliconA.jpg]
[www.bautech.com.mx/assets/images/productos/hidroRepelentes/hidrofugantesRepelentes-siliconS.pdf]
[www.bautech.com.mx/assets/images/productos/hidroRepelentes/hidrofugantesRepelentes-siliconS.jpg]
[www.bautech.com.mx/hidrofugantes-repelentes.html]
[www.bautech.com.mx/assets/images/productos/sellaAcriSiliPoli/selladoresAcrilicosSiliconesPoli-backerRod.pdf]
[www.bautech.com.mx/assets/images/productos/sellaAcriSiliPoli/selladoresAcrilicosSiliconesPoli-backerRod.jpg]
[www.bautech.com.mx/assets/images/productos/sellaAcriSiliPoli/selladoresAcrilicosSiliconesPoli-baucrilblanco.pdf]
[www.bautech.com.mx/assets/images/productos/sellaAcriSiliPoli/selladoresAcrilicosSiliconesPoli-baucrilblanco.jpg]
[www.bautech.com.mx/assets/images/productos/sellaAcriSiliPoli/selladoresAcrilicosSiliconesPoli-hulesilicon.pdf]
[www.bautech.com.mx/assets/images/productos/sellaAcriSiliPoli/selladoresAcrilicosSiliconesPoli-hulesilicon.jpg]
[www.bautech.com.mx/assets/images/productos/sellaAcriSiliPoli/selladoresAcrilicosSiliconesPoli-pistolacalafateadoraabierta.pdf]
[www.bautech.com.mx/assets/images/productos/sellaAcriSiliPoli/selladoresAcrilicosSiliconesPoli-pistolacalafateadoraabierta.jpg]
[www.bautech.com.mx/assets/images/productos/sellaAcriSiliPoli/selladoresAcrilicosSiliconesPoli-polibau.pdf]
[www.bautech.com.mx/assets/images/productos/sellaAcriSiliPoli/selladoresAcrilicosSiliconesPoli-polibau.jpg]
[www.bautech.com.mx/assets/images/productos/sellaAcriSiliPoli/selladoresAcrilicosSiliconesPoli-polibausl.pdf]
[www.bautech.com.mx/assets/images/productos/sellaAcriSiliPoli/selladoresAcrilicosSiliconesPoli-polibausl.jpg]
[www.bautech.com.mx/assets/images/productos/sellaAcriSiliPoli/selladoresAcrilicosSiliconesPoli-pistolacalafateadoracerrada.pdf]
[www.bautech.com.mx/assets/images/productos/sellaAcriSiliPoli/selladoresAcrilicosSiliconesPoli-pistolacalafateadoracerrada.jpg]
[www.bautech.com.mx/assets/images/productos/sellaAcriSiliPoli/selladoresAcrilicosSiliconesPoli-espumapoliuretano.pdf]
[www.bautech.com.mx/assets/images/productos/sellaAcriSiliPoli/selladoresAcrilicosSiliconesPoli-espumapoliuretano.jpg]
[www.bautech.com.mx/selladores-silicones-poliuretanos.html]
[www.bautech.com.mx/assets/images/productos/pvcwaterstops/pvcwaterstops-pvcojillada.pdf]
[www.bautech.com.mx/assets/images/productos/pvcwaterstops/pvcwaterstops-pvcojillada.jpg]
[www.bautech.com.mx/assets/images/productos/pvcwaterstops/pvcwaterstops-consealcs231.pdf]
[www.bautech.com.mx/assets/images/productos/pvcwaterstops/pvcwaterstops-consealcs231.jpg]
[www.bautech.com.mx/assets/images/productos/pvcwaterstops/pvcwaterstops-primariows.pdf]
[www.bautech.com.mx/assets/images/productos/pvcwaterstops/pvcwaterstops-primariows.jpg]
[www.bautech.com.mx/pvc-waterstops.html]
[www.bautech.com.mx/assets/images/productos/accesorioscimbra/accesorioscimbra-barraroscada.pdf]
[www.bautech.com.mx/assets/images/productos/accesorioscimbra/accesorioscimbra-barraroscada.jpg]
[www.bautech.com.mx/assets/images/productos/accesorioscimbra/accesorioscimbra-conoParaCimbra.pdf]
[www.bautech.com.mx/assets/images/productos/accesorioscimbra/accesorioscimbra-conoParaCimbra.jpg]
[www.bautech.com.mx/assets/images/productos/accesorioscimbra/accesorioscimbra-cunna.pdf]
[www.bautech.com.mx/assets/images/productos/accesorioscimbra/accesorioscimbra-cunna.jpg]
[www.bautech.com.mx/assets/images/productos/accesorioscimbra/accesorioscimbra-tirantescimbra.pdf]
[www.bautech.com.mx/assets/images/productos/accesorioscimbra/accesorioscimbra-tirantescimbra.jpg]
[www.bautech.com.mx/assets/images/productos/accesorioscimbra/accesorioscimbra-tuboParaBarraroscada.pdf]
[www.bautech.com.mx/assets/images/productos/accesorioscimbra/accesorioscimbra-tuboParaBarraroscada.jpg]
[www.bautech.com.mx/assets/images/productos/accesorioscimbra/accesorioscimbra-tuercaMariposabase.pdf]
[www.bautech.com.mx/assets/images/productos/accesorioscimbra/accesorioscimbra-tuercaMariposabase.jpg]
[www.bautech.com.mx/accesorios-cimbra.html]
[www.bautech.com.mx/assets/images/productos/varios/varios-foamtech.pdf]
[www.bautech.com.mx/assets/images/productos/varios/varios-foamtech.jpg]
[www.bautech.com.mx/assets/images/productos/varios/varios-geotextil.pdf]
[www.bautech.com.mx/assets/images/productos/varios/varios-geotextil.jpg]
[www.bautech.com.mx/assets/images/productos/varios/varios-celotex.pdf]
[www.bautech.com.mx/assets/images/productos/varios/varios-celotex.jpg]
[www.bautech.com.mx/assets/images/productos/varios/varios-pegayeso.pdf]
[www.bautech.com.mx/assets/images/productos/varios/varios-pegayeso.jpg]
[www.bautech.com.mx/assets/images/productos/varios/varios-sellabaubase.pdf]
[www.bautech.com.mx/assets/images/productos/varios/varios-sellabaubase.jpg]
[www.bautech.com.mx/varios.html]
[www.bautech.com.mx/assets/images/certifica-1.jpg]
[www.bautech.com.mx/assets/images/certifica-2.jpg]
[www.bautech.com.mx/assets/images/certifica-3.jpg]
[www.bautech.com.mx/certificaciones.html]
[www.bautech.com.mx/contacto.html]
[www.bautech.com.mx/assets/images/bg-us.jpg]
[www.bautech.com.mx/assets/images/avatar-1.jpg]
[www.bautech.com.mx/assets/images/avatar-2.jpg]
[www.bautech.com.mx/assets/images/avatar-3.jpg]
[www.bautech.com.mx/nosotros.html]
[www.bautech.com.mx/assets/fonts/fontawesome-webfont3e6e.svg]
[www.bautech.com.mx/assets/fonts/Pe-icon-7-strokebb1d.svg]
[www.bautech.com.mx/categorias.html]
